Weekly Test 4 output